$ next dev -p 3000
   ▲ Next.js 15.5.25
   - Local:        http://localhost:3000
   - Network:      http://21.0.10.126:3000
   - Environments: .env

 ✓ Starting...
Attention: Next.js now collects completely anonymous telemetry regarding usage.
This information is used to shape Next.js' roadmap and prioritize features.
You can learn more, including how to opt-out if you'd not like to participate in this anonymous program, by visiting the following URL:
https://nextjs.org/telemetry

 ✓ Ready in 1643ms
 ○ Compiling /_not-found ...
 ✓ Compiled /_not-found in 4.6s (519 modules)
 GET / 404 in 5001ms
 ✓ Compiled in 1000ms (525 modules)
 ✓ Compiled / in 257ms (530 modules)
 GET / 200 in 720ms
 GET / 200 in 178ms
 GET / 200 in 299ms
 ✓ Compiled in 344ms (312 modules)
 ✓ Compiled in 97ms (312 modules)
 ✓ Compiled in 71ms (312 modules)
 GET / 200 in 256ms
 GET / 200 in 322ms
