To honour the JVM settings for this build a single-use Daemon process will be forked. For more on this, please refer to https://docs.gradle.org/8.14.5/userguide/gradle_daemon.html#sec:disabling_the_daemon in the Gradle documentation.
Daemon will be stopped at the end of the build 
Reusing configuration cache.
> Task :app:preBuild UP-TO-DATE
> Task :app:checkKotlinGradlePluginConfigurationErrors SKIPPED
> Task :app:preDebugBuild UP-TO-DATE
> Task :terminal-emulator:preBuild UP-TO-DATE
> Task :terminal-emulator:preDebugBuild UP-TO-DATE
> Task :app:mergeDebugNativeDebugMetadata NO-SOURCE
> Task :terminal-view:preBuild UP-TO-DATE
> Task :terminal-view:preDebugBuild UP-TO-DATE
> Task :terminal-emulator:writeDebugAarMetadata UP-TO-DATE
> Task :terminal-view:writeDebugAarMetadata UP-TO-DATE
> Task :terminal-emulator:processDebugNavigationResources UP-TO-DATE
> Task :terminal-view:processDebugNavigationResources UP-TO-DATE
> Task :app:processDebugNavigationResources UP-TO-DATE
> Task :app:checkDebugAarMetadata UP-TO-DATE
> Task :app:generateDebugResValues UP-TO-DATE
> Task :terminal-emulator:generateDebugResValues UP-TO-DATE
> Task :terminal-emulator:generateDebugResources UP-TO-DATE
> Task :app:compileDebugNavigationResources UP-TO-DATE
> Task :terminal-view:generateDebugResValues UP-TO-DATE
> Task :terminal-view:generateDebugResources UP-TO-DATE
> Task :terminal-emulator:packageDebugResources UP-TO-DATE
> Task :app:generateDebugResources UP-TO-DATE
> Task :terminal-view:packageDebugResources UP-TO-DATE
> Task :app:createDebugCompatibleScreenManifests UP-TO-DATE
> Task :app:mapDebugSourceSetPaths UP-TO-DATE
> Task :app:mergeDebugResources UP-TO-DATE
> Task :app:extractDeepLinksDebug UP-TO-DATE
> Task :app:packageDebugResources UP-TO-DATE
> Task :terminal-emulator:extractDeepLinksDebug UP-TO-DATE
> Task :app:parseDebugLocalResources UP-TO-DATE
> Task :terminal-emulator:processDebugManifest UP-TO-DATE
> Task :terminal-view:processDebugManifest UP-TO-DATE
> Task :terminal-view:extractDeepLinksDebug UP-TO-DATE
> Task :terminal-emulator:compileDebugLibraryResources UP-TO-DATE
> Task :terminal-emulator:parseDebugLocalResources UP-TO-DATE
> Task :terminal-emulator:generateDebugRFile UP-TO-DATE
> Task :terminal-view:compileDebugLibraryResources UP-TO-DATE
> Task :terminal-view:parseDebugLocalResources UP-TO-DATE
> Task :terminal-view:generateDebugRFile UP-TO-DATE
> Task :terminal-emulator:javaPreCompileDebug UP-TO-DATE
> Task :terminal-emulator:compileDebugJavaWithJavac UP-TO-DATE
> Task :app:processDebugMainManifest UP-TO-DATE
> Task :app:processDebugManifest UP-TO-DATE
> Task :terminal-emulator:bundleLibCompileToJarDebug UP-TO-DATE
> Task :terminal-view:javaPreCompileDebug UP-TO-DATE
> Task :app:processDebugManifestForPackage UP-TO-DATE
> Task :terminal-view:compileDebugJavaWithJavac UP-TO-DATE
> Task :terminal-view:bundleLibCompileToJarDebug UP-TO-DATE
> Task :app:javaPreCompileDebug UP-TO-DATE
> Task :app:mergeDebugShaders UP-TO-DATE
> Task :app:compileDebugShaders NO-SOURCE
> Task :app:generateDebugAssets UP-TO-DATE
> Task :terminal-emulator:mergeDebugShaders UP-TO-DATE
> Task :terminal-emulator:compileDebugShaders NO-SOURCE
> Task :terminal-emulator:generateDebugAssets UP-TO-DATE
> Task :terminal-emulator:mergeDebugAssets UP-TO-DATE
> Task :terminal-view:mergeDebugShaders UP-TO-DATE
> Task :terminal-view:compileDebugShaders NO-SOURCE
> Task :terminal-view:generateDebugAssets UP-TO-DATE
> Task :terminal-view:mergeDebugAssets UP-TO-DATE
> Task :app:mergeDebugAssets UP-TO-DATE
> Task :app:compressDebugAssets UP-TO-DATE
> Task :terminal-view:bundleLibRuntimeToJarDebug UP-TO-DATE
> Task :terminal-emulator:bundleLibRuntimeToJarDebug UP-TO-DATE
> Task :app:desugarDebugFileDependencies UP-TO-DATE
> Task :terminal-emulator:processDebugJavaRes NO-SOURCE
> Task :terminal-view:processDebugJavaRes NO-SOURCE
> Task :app:checkDebugDuplicateClasses UP-TO-DATE
> Task :app:mergeExtDexDebug UP-TO-DATE
> Task :terminal-view:bundleLibRuntimeToDirDebug UP-TO-DATE
> Task :terminal-emulator:bundleLibRuntimeToDirDebug UP-TO-DATE
> Task :app:mergeLibDexDebug UP-TO-DATE
> Task :app:processDebugResources UP-TO-DATE
> Task :app:mergeDebugJniLibFolders UP-TO-DATE
> Task :app:compileDebugKotlin UP-TO-DATE
> Task :app:compileDebugJavaWithJavac NO-SOURCE
> Task :terminal-emulator:configureNdkBuildDebug[arm64-v8a]
> Task :app:processDebugJavaRes UP-TO-DATE
> Task :app:mergeDebugJavaResource UP-TO-DATE
> Task :terminal-emulator:buildNdkBuildDebug[arm64-v8a]
> Task :terminal-emulator:configureNdkBuildDebug[armeabi-v7a]
> Task :terminal-emulator:buildNdkBuildDebug[armeabi-v7a]
> Task :terminal-emulator:configureNdkBuildDebug[x86]
> Task :terminal-emulator:buildNdkBuildDebug[x86]
> Task :terminal-emulator:configureNdkBuildDebug[x86_64]
> Task :terminal-emulator:buildNdkBuildDebug[x86_64]
> Task :terminal-emulator:mergeDebugJniLibFolders UP-TO-DATE
> Task :terminal-emulator:mergeDebugNativeLibs UP-TO-DATE
> Task :terminal-emulator:copyDebugJniLibsProjectOnly UP-TO-DATE
> Task :terminal-view:mergeDebugJniLibFolders UP-TO-DATE
> Task :terminal-view:mergeDebugNativeLibs NO-SOURCE
> Task :terminal-view:copyDebugJniLibsProjectOnly UP-TO-DATE
> Task :app:mergeDebugNativeLibs UP-TO-DATE
> Task :app:stripDebugDebugSymbols UP-TO-DATE
> Task :app:validateSigningDebug UP-TO-DATE
> Task :app:writeDebugAppMetadata UP-TO-DATE
> Task :app:writeDebugSigningConfigVersions UP-TO-DATE
> Task :app:dexBuilderDebug
> Task :app:mergeDebugGlobalSynthetics UP-TO-DATE
> Task :app:mergeProjectDexDebug
> Task :app:packageDebug
> Task :app:createDebugApkListingFileRedirect UP-TO-DATE
> Task :app:assembleDebug

BUILD SUCCESSFUL in 32s
84 actionable tasks: 11 executed, 73 up-to-date
Configuration cache entry reused.
