To honour the JVM settings for this build a single-use Daemon process will be forked. For more on this, please refer to https://docs.gradle.org/8.14.5/userguide/gradle_daemon.html#sec:disabling_the_daemon in the Gradle documentation.
Daemon will be stopped at the end of the build 
Calculating task graph as no cached configuration is available for tasks: :app:assembleDebug
> Task :app:preBuild UP-TO-DATE
> Task :app:preDebugBuild UP-TO-DATE
> Task :app:mergeDebugNativeDebugMetadata NO-SOURCE
> Task :app:checkKotlinGradlePluginConfigurationErrors SKIPPED
> Task :terminal-emulator:preBuild UP-TO-DATE
> Task :terminal-emulator:preDebugBuild UP-TO-DATE
> Task :terminal-emulator:writeDebugAarMetadata UP-TO-DATE
> Task :terminal-view:preBuild UP-TO-DATE
> Task :terminal-view:preDebugBuild UP-TO-DATE
> Task :terminal-view:writeDebugAarMetadata UP-TO-DATE
> Task :app:checkDebugAarMetadata UP-TO-DATE
> Task :terminal-emulator:processDebugNavigationResources UP-TO-DATE
> Task :terminal-view:processDebugNavigationResources UP-TO-DATE
> Task :app:processDebugNavigationResources UP-TO-DATE
> Task :app:compileDebugNavigationResources UP-TO-DATE
> Task :app:generateDebugResValues UP-TO-DATE
> Task :terminal-emulator:generateDebugResValues UP-TO-DATE
> Task :terminal-emulator:generateDebugResources UP-TO-DATE
> Task :terminal-emulator:packageDebugResources UP-TO-DATE
> Task :terminal-view:generateDebugResValues UP-TO-DATE
> Task :terminal-view:generateDebugResources UP-TO-DATE
> Task :terminal-view:packageDebugResources UP-TO-DATE
> Task :app:mapDebugSourceSetPaths UP-TO-DATE
> Task :app:generateDebugResources UP-TO-DATE
> Task :app:mergeDebugResources UP-TO-DATE
> Task :app:packageDebugResources UP-TO-DATE
> Task :app:parseDebugLocalResources UP-TO-DATE
> Task :app:createDebugCompatibleScreenManifests UP-TO-DATE
> Task :app:extractDeepLinksDebug UP-TO-DATE
> Task :terminal-emulator:extractDeepLinksDebug UP-TO-DATE
> Task :terminal-emulator:processDebugManifest UP-TO-DATE
> Task :terminal-view:extractDeepLinksDebug UP-TO-DATE
> Task :terminal-view:processDebugManifest UP-TO-DATE
> Task :app:processDebugMainManifest UP-TO-DATE
> Task :app:processDebugManifest UP-TO-DATE
> Task :app:processDebugManifestForPackage UP-TO-DATE
> Task :terminal-emulator:compileDebugLibraryResources UP-TO-DATE
> Task :terminal-emulator:parseDebugLocalResources UP-TO-DATE
> Task :terminal-emulator:generateDebugRFile UP-TO-DATE
> Task :terminal-view:compileDebugLibraryResources UP-TO-DATE
> Task :terminal-view:parseDebugLocalResources UP-TO-DATE
> Task :terminal-view:generateDebugRFile UP-TO-DATE
> Task :app:processDebugResources UP-TO-DATE
> Task :terminal-emulator:javaPreCompileDebug UP-TO-DATE
> Task :terminal-emulator:compileDebugJavaWithJavac UP-TO-DATE
> Task :terminal-emulator:bundleLibCompileToJarDebug UP-TO-DATE
> Task :terminal-view:javaPreCompileDebug UP-TO-DATE
> Task :terminal-view:compileDebugJavaWithJavac UP-TO-DATE
> Task :terminal-view:bundleLibCompileToJarDebug UP-TO-DATE
> Task :app:compileDebugKotlin UP-TO-DATE
> Task :app:javaPreCompileDebug UP-TO-DATE
> Task :app:compileDebugJavaWithJavac NO-SOURCE
> Task :app:mergeDebugShaders
> Task :app:compileDebugShaders NO-SOURCE
> Task :app:generateDebugAssets UP-TO-DATE
> Task :terminal-emulator:mergeDebugShaders
> Task :terminal-emulator:compileDebugShaders NO-SOURCE
> Task :terminal-emulator:generateDebugAssets UP-TO-DATE
> Task :terminal-emulator:mergeDebugAssets
> Task :terminal-view:mergeDebugShaders
> Task :terminal-view:compileDebugShaders NO-SOURCE
> Task :terminal-view:generateDebugAssets UP-TO-DATE
> Task :terminal-view:mergeDebugAssets
> Task :app:mergeDebugAssets
> Task :app:compressDebugAssets
> Task :terminal-view:bundleLibRuntimeToJarDebug UP-TO-DATE
> Task :terminal-emulator:bundleLibRuntimeToJarDebug UP-TO-DATE
> Task :app:desugarDebugFileDependencies
> Task :app:dexBuilderDebug
> Task :app:mergeDebugGlobalSynthetics
> Task :app:processDebugJavaRes UP-TO-DATE
> Task :terminal-emulator:processDebugJavaRes NO-SOURCE
> Task :terminal-view:processDebugJavaRes NO-SOURCE
> Task :app:mergeDebugJavaResource
> Task :app:checkDebugDuplicateClasses
> Task :app:mergeExtDexDebug
> Task :terminal-view:bundleLibRuntimeToDirDebug
> Task :terminal-emulator:bundleLibRuntimeToDirDebug
> Task :app:mergeLibDexDebug
> Task :app:mergeProjectDexDebug
> Task :app:mergeDebugJniLibFolders
> Task :terminal-emulator:configureNdkBuildDebug[arm64-v8a]
> Task :terminal-emulator:buildNdkBuildDebug[arm64-v8a]
> Task :terminal-emulator:configureNdkBuildDebug[armeabi-v7a]
> Task :terminal-emulator:buildNdkBuildDebug[armeabi-v7a]
> Task :terminal-emulator:configureNdkBuildDebug[x86]
> Task :terminal-emulator:buildNdkBuildDebug[x86]
> Task :terminal-emulator:configureNdkBuildDebug[x86_64]
> Task :terminal-emulator:buildNdkBuildDebug[x86_64]
> Task :terminal-emulator:mergeDebugJniLibFolders
> Task :terminal-emulator:mergeDebugNativeLibs
> Task :terminal-emulator:copyDebugJniLibsProjectOnly
> Task :terminal-view:mergeDebugJniLibFolders
> Task :terminal-view:mergeDebugNativeLibs NO-SOURCE
> Task :terminal-view:copyDebugJniLibsProjectOnly
> Task :app:mergeDebugNativeLibs

> Task :app:stripDebugDebugSymbols
Unable to strip the following libraries, packaging them as they are: libandroidx.graphics.path.so, libdatastore_shared_counter.so, libproot-loader.so, libproot-loader32.so, libproot.so, libtalloc.so, libtermux.so. Run with --info option to learn more.

> Task :app:validateSigningDebug
> Task :app:writeDebugAppMetadata
> Task :app:writeDebugSigningConfigVersions
> Task :app:packageDebug
> Task :app:createDebugApkListingFileRedirect
> Task :app:assembleDebug

BUILD SUCCESSFUL in 3m 24s
84 actionable tasks: 38 executed, 46 up-to-date
Configuration cache entry stored.
